Iniciando simulação de ataque exaustivo contra criptografia PQC...
Tentando comprometer a chave...
--- 1. Prova de Operação PQC Ativa (Dilithium) ---
Chaves PQC geradas e documento assinado com sucesso. Algoritmo ativo.
----------------------------------------------------
--- 2. Simulação de Ataque Exaustivo Paralelo ---
Iniciando 4 processos de ataque paralelos para testar a resistência da PQC...
  -- Tentativa 10000000: Falhou. Tempo decorrido: 8s.
  -- Tentativa 5000000: Falhou. Tempo decorrido: 8s.
  -- Tentativa 15000000: Falhou. Tempo decorrido: 8s.
  -- Tentativa 20000000: Falhou. Tempo decorrido: 9s.
  -- Tentativa 10000000: Falhou. Tempo decorrido: 14s.
  -- Tentativa 15000000: Falhou. Tempo decorrido: 14s.
  -- Tentativa 5000000: Falhou. Tempo decorrido: 15s.
  -- Tentativa 20000000: Falhou. Tempo decorrido: 15s.
  -- Tentativa 10000000: Falhou. Tempo decorrido: 20s.
  -- Tentativa 15000000: Falhou. Tempo decorrido: 20s.
  -- Tentativa 20000000: Falhou. Tempo decorrido: 21s.
  -- Tentativa 5000000: Falhou. Tempo decorrido: 21s.
  -- Tentativa 10000000: Falhou. Tempo decorrido: 26s.
  -- Tentativa 15000000: Falhou. Tempo decorrido: 26s.
  -- Tentativa 20000000: Falhou. Tempo decorrido: 27s.
  -- Tentativa 5000000: Falhou. Tempo decorrido: 27s.
Ataque concluído.
Tempo total de execução do ataque exaustivo: 27 segundos.
Resultado: Todas as tentativas falharam. Criptografia PQC demonstrou resistência.
