Iniciando simulação de ataque exaustivo contra criptografia PQC...
Tentando comprometer a chave...
--- 1. Prova de Operação PQC Ativa (Dilithium) ---
Chaves PQC geradas e documento assinado com sucesso. Algoritmo ativo.
----------------------------------------------------
--- 2. Simulação de Ataque Exaustivo Paralelo ---
Iniciando 4 processos de ataque paralelos para testar a resistência da PQC...
  -- Tentativa 10000000: Falhou. Tempo decorrido: 9s.
  -- Tentativa 5000000: Falhou. Tempo decorrido: 10s.
  -- Tentativa 20000000: Falhou. Tempo decorrido: 10s.
  -- Tentativa 15000000: Falhou. Tempo decorrido: 10s.
  -- Tentativa 10000000: Falhou. Tempo decorrido: 16s.
  -- Tentativa 5000000: Falhou. Tempo decorrido: 16s.
  -- Tentativa 20000000: Falhou. Tempo decorrido: 16s.
  -- Tentativa 15000000: Falhou. Tempo decorrido: 16s.
  -- Tentativa 10000000: Falhou. Tempo decorrido: 22s.
  -- Tentativa 5000000: Falhou. Tempo decorrido: 22s.
  -- Tentativa 20000000: Falhou. Tempo decorrido: 22s.
  -- Tentativa 15000000: Falhou. Tempo decorrido: 22s.
  -- Tentativa 10000000: Falhou. Tempo decorrido: 28s.
  -- Tentativa 20000000: Falhou. Tempo decorrido: 28s.
  -- Tentativa 5000000: Falhou. Tempo decorrido: 28s.
  -- Tentativa 15000000: Falhou. Tempo decorrido: 29s.
Ataque concluído.
Tempo total de execução do ataque exaustivo: 29 segundos.
Resultado: Todas as tentativas falharam. Criptografia PQC demonstrou resistência.
