Iniciando simulação de ataque e fatoração contra criptografia RSA...
Chave RSA de 2048 bits gerada com sucesso. (2048-bit é o alvo)
----------------------------------------------------
Iniciando 4 processos de ataque paralelos para maximizar o uso da CPU...
  -- Progresso: 100% completo. Tentativas totais: 20000000. Tempo decorrido: 9s.
  -- Progresso: 75% completo. Tentativas totais: 15000000. Tempo decorrido: 9s.
  -- Progresso: 25% completo. Tentativas totais: 5000000. Tempo decorrido: 9s.
  -- Progresso: 50% completo. Tentativas totais: 10000000. Tempo decorrido: 9s.
  -- Progresso: 100% completo. Tentativas totais: 20000000. Tempo decorrido: 15s.
  -- Progresso: 75% completo. Tentativas totais: 15000000. Tempo decorrido: 15s.
  -- Progresso: 25% completo. Tentativas totais: 5000000. Tempo decorrido: 15s.
  -- Progresso: 50% completo. Tentativas totais: 10000000. Tempo decorrido: 16s.
  -- Progresso: 100% completo. Tentativas totais: 20000000. Tempo decorrido: 21s.
  -- Progresso: 25% completo. Tentativas totais: 5000000. Tempo decorrido: 21s.
  -- Progresso: 75% completo. Tentativas totais: 15000000. Tempo decorrido: 21s.
  -- Progresso: 50% completo. Tentativas totais: 10000000. Tempo decorrido: 21s.
  -- Progresso: 100% completo. Tentativas totais: 20000000. Tempo decorrido: 27s.
  -- Progresso: 25% completo. Tentativas totais: 5000000. Tempo decorrido: 27s.
  -- Progresso: 50% completo. Tentativas totais: 10000000. Tempo decorrido: 27s.
  -- Progresso: 75% completo. Tentativas totais: 15000000. Tempo decorrido: 27s.
Ataque concluído.
Tempo total de execução do ataque exaustivo: 28 segundos.
Simulação de sucesso da fatoração. Chave RSA COMPROMETIDA.
